./gradlew : 
No linha:1 
caractere:1
+ ./gradlew :app:ks
pDebugKotlin > 
build_error.log 
2>&1
+ ~~~~~~~~~~~~~~~~~
~~~~~~~~~~~~~~~~~~~
~~~~~~~~~~~~~~~~
    + CategoryInfo 
             : No  
  tSpecified: (:   
 String) [], Re    
moteException
    + FullyQualifi 
   edErrorId : Na  
  tiveCommandErr   
 or
 
FAILURE: Build 
failed with an 
exception.

* What went wrong:
A problem occurred 
configuring 
project ':app'.
> Multiple build 
operations failed.
      Could not 
read workspace 
metadata from C:\Us
ers\Jarod-PC\.gradl
e\caches\8.13\trans
forms\1a81c65b6d6b3
64923506cf4d632a88e
\metadata.bin
      Could not 
read workspace 
metadata from C:\Us
ers\Jarod-PC\.gradl
e\caches\8.13\trans
forms\3fef12bc4b782
5679659a15f48ebc2d6
\metadata.bin
      Could not 
read workspace 
metadata from C:\Us
ers\Jarod-PC\.gradl
e\caches\8.13\trans
forms\05915371554e7
b168938321287c9d854
\metadata.bin
      Could not 
read workspace 
metadata from C:\Us
ers\Jarod-PC\.gradl
e\caches\8.13\trans
forms\6436219123697
356a53290ac8bdae102
\metadata.bin
      Could not 
read workspace 
metadata from C:\Us
ers\Jarod-PC\.gradl
e\caches\8.13\trans
forms\36b6e64d74594
c89ee816abc3dc791e3
\metadata.bin
      Could not 
read workspace 
metadata from C:\Us
ers\Jarod-PC\.gradl
e\caches\8.13\trans
forms\18c0c309c68fd
8b49c42fb880dbb87a5
\metadata.bin
      Could not 
read workspace 
metadata from C:\Us
ers\Jarod-PC\.gradl
e\caches\8.13\trans
forms\39de9df537740
3aebf43228170c0b660
\metadata.bin
      Could not 
read workspace 
metadata from C:\Us
ers\Jarod-PC\.gradl
e\caches\8.13\trans
forms\30c2537f50abf
625231cb8044fd8a5dd
\metadata.bin
      Could not 
read workspace 
metadata from C:\Us
ers\Jarod-PC\.gradl
e\caches\8.13\trans
forms\1c1bcc5166ab9
f343527ae42e12b86bf
\metadata.bin
      Could not 
read workspace 
metadata from C:\Us
ers\Jarod-PC\.gradl
e\caches\8.13\trans
forms\02da5332dadbc
9260f4acfc7565feb62
\metadata.bin
      ...and 12 
more failures.
   > Could not 
read workspace 
metadata from C:\Us
ers\Jarod-PC\.gradl
e\caches\8.13\trans
forms\1a81c65b6d6b3
64923506cf4d632a88e
\metadata.bin
   > Could not 
read workspace 
metadata from C:\Us
ers\Jarod-PC\.gradl
e\caches\8.13\trans
forms\3fef12bc4b782
5679659a15f48ebc2d6
\metadata.bin
   > Could not 
read workspace 
metadata from C:\Us
ers\Jarod-PC\.gradl
e\caches\8.13\trans
forms\05915371554e7
b168938321287c9d854
\metadata.bin
   > Could not 
read workspace 
metadata from C:\Us
ers\Jarod-PC\.gradl
e\caches\8.13\trans
forms\6436219123697
356a53290ac8bdae102
\metadata.bin
   > Could not 
read workspace 
metadata from C:\Us
ers\Jarod-PC\.gradl
e\caches\8.13\trans
forms\36b6e64d74594
c89ee816abc3dc791e3
\metadata.bin
   > Could not 
read workspace 
metadata from C:\Us
ers\Jarod-PC\.gradl
e\caches\8.13\trans
forms\18c0c309c68fd
8b49c42fb880dbb87a5
\metadata.bin
   > Could not 
read workspace 
metadata from C:\Us
ers\Jarod-PC\.gradl
e\caches\8.13\trans
forms\39de9df537740
3aebf43228170c0b660
\metadata.bin
   > Could not 
read workspace 
metadata from C:\Us
ers\Jarod-PC\.gradl
e\caches\8.13\trans
forms\30c2537f50abf
625231cb8044fd8a5dd
\metadata.bin
   > Could not 
read workspace 
metadata from C:\Us
ers\Jarod-PC\.gradl
e\caches\8.13\trans
forms\1c1bcc5166ab9
f343527ae42e12b86bf
\metadata.bin
   > Could not 
read workspace 
metadata from C:\Us
ers\Jarod-PC\.gradl
e\caches\8.13\trans
forms\02da5332dadbc
9260f4acfc7565feb62
\metadata.bin
   > Could not 
read workspace 
metadata from C:\Us
ers\Jarod-PC\.gradl
e\caches\8.13\trans
forms\5a166b1ecf4c8
e2ef4b0fc0faaa50056
\metadata.bin
   > Could not 
read workspace 
metadata from C:\Us
ers\Jarod-PC\.gradl
e\caches\8.13\trans
forms\644d3d7f512c1
4d1343b62b683f7ba26
\metadata.bin
   > Could not 
read workspace 
metadata from C:\Us
ers\Jarod-PC\.gradl
e\caches\8.13\trans
forms\0afa14255151d
0e55476b2eb079a5484
\metadata.bin
   > Could not 
read workspace 
metadata from C:\Us
ers\Jarod-PC\.gradl
e\caches\8.13\trans
forms\5a8b421004535
40071ac6303be66354f
\metadata.bin
   > Could not 
read workspace 
metadata from C:\Us
ers\Jarod-PC\.gradl
e\caches\8.13\trans
forms\360c104c79a8a
f830c3da6aeb53cf8ef
\metadata.bin
   > Could not 
read workspace 
metadata from C:\Us
ers\Jarod-PC\.gradl
e\caches\8.13\trans
forms\3bb98d0c83ff9
a4453c215b1b591dc29
\metadata.bin
   > Could not 
read workspace 
metadata from C:\Us
ers\Jarod-PC\.gradl
e\caches\8.13\trans
forms\6096f9a2fb032
91c3ea57a67c774bace
\metadata.bin
   > Could not 
read workspace 
metadata from C:\Us
ers\Jarod-PC\.gradl
e\caches\8.13\trans
forms\15fd9af2a86d9
fc58995b8f3a7bf621e
\metadata.bin
   > Could not 
read workspace 
metadata from C:\Us
ers\Jarod-PC\.gradl
e\caches\8.13\trans
forms\11516c8975f10
892b147df21257e6944
\metadata.bin
   > Could not 
read workspace 
metadata from C:\Us
ers\Jarod-PC\.gradl
e\caches\8.13\trans
forms\68283338adbf4
73c8349d255f6865313
\metadata.bin
   > Could not 
read workspace 
metadata from C:\Us
ers\Jarod-PC\.gradl
e\caches\8.13\trans
forms\310c3c028731c
ac3db59a8a9ef590930
\metadata.bin
   > Could not 
read workspace 
metadata from C:\Us
ers\Jarod-PC\.gradl
e\caches\8.13\trans
forms\215d42d4d2044
8ec7b1f5fdbbc6a7575
\metadata.bin

* Try:
> Run with 
--stacktrace 
option to get the 
stack trace.
> Run with --info 
or --debug option 
to get more log 
output.
> Run with --scan 
to get full 
insights.
> Get more help at 
https://help.gradle
.org.

BUILD FAILED in 2s
